// Vitest Snapshot v1, https://vitest.dev/guide/snapshot.html

exports[`renders Brick component 1`] = `
<div
  class="absolute rounded-md shadow-inner shadow-black/40 bg-gray-500 border-t-2 border-l-2 border-gray-500/30 border-b-2 border-r-2 border-black/30"
  style="left: 100px; top: 100px; width: 50px; height: 20px; transition: opacity 0.3s;"
/>
`;
